@@@@@@@@@@@@@@@@@@@@@@@@@@@@@@  scalc.c tests @@@@@@@@@@@@@@@@@@@@@@@@@@@@@@@@

[[[[ test case 0: compiling scalc.c ]]]]
********************************************************************************
$ gcc -o scalc scalc.c
exit code: 0
********************************************************************************

[[[[ test case 1: EXPECTED TO FAIL - missing parameter ]]]]
********************************************************************************
$ ./scalc 99 99
Error: invalid number of arguments!
scalc <operand1> <operator> <operand2>
exit code: 1
********************************************************************************

[[[[ test case 2: EXPECTED TO FAIL - operator not supported ]]]]
********************************************************************************
$ ./scalc 99 a 99
Error: operator can only be + !
exit code: 1
********************************************************************************

[[[[ test case 3: EXPECTED TO FAIL - floating point numbers not supported ]]]]
********************************************************************************
$ ./scalc 99.12 + 99
Error!! operand can only be positive integers
exit code: 1
********************************************************************************

[[[[ test case 4: EXPECTED TO WORK ]]]]
********************************************************************************
$ ./scalc 0 + 0
0
exit code: 0

[[[[ test case 5: EXPECTED TO WORK ]]]]
********************************************************************************
$ ./scalc 9 + 27
36
exit code: 0

[[[[ test case 6: EXPECTED TO WORK ]]]]
********************************************************************************
$ ./scalc 805 + 73
878
exit code: 0

[[[[ test case 7: EXPECTED TO WORK ]]]]
********************************************************************************
$ ./scalc 39968526 + 261245131
301213657
exit code: 0

[[[[ test case 8: EXPECTED TO WORK ]]]]
********************************************************************************
$ ./scalc 94563404595414669733481804 + 63063878118515146953239005674188
63063972681919742367908739155992
exit code: 0

[[[[ test case 9: EXPECTED TO WORK ]]]]
********************************************************************************
$ ./scalc 337037162655434742172441990005926504627693405062483683481860135421836363885337604476946522829477416487540029564973288285848121501356203831763979353004924770487720185698467151426265434969968783905585811658254753969254088708397977743437345977612770066318929531032426870733410695574460760877864982170018883020301894366421019929336896583656139708796919654043894918310206312955194152961853956972053417581974812378010468215144320879296305235721982264778028844210143325516749821842727625788193008291557371149861033157785400682438615743716585218077236637385527924512517666296496042663177106329406843379423333933197603779667883138817048875787934960714820949243561369745476745169426269043089358101253252961332674755749019583446697081193046739283000512320707580401271575922727927414642017149495796655697003859436074734672473929101589803367493579567077014669236676267092554548103395541458601861931697242692530606284895497919963517250660700604099041412805987327611473073877946189471478740056665096790009155522642 + 808430029611407314542383969124972191702228419281927093842620909668530397950728920217586880096692520691422391259040947261532998079642387051795906066539542102088422262726482720987963597285384373113071520217386144151075544473966115391908967194283950454314016504743465278172912703218309242036995980536710664051188723261203124816514475015911959704775795191903948004836260353862572279261151874512681238491605264990929238879454279724296653989705973119885193672059867505326298094015818053690368476755148599715906773415284443810425550421727365475999535451658786914168200421402449424901290952774281016832107844697722094282792337238440344494506525260346224537135957269954154547871785330315717886322017410402146248477946726821382888416795799967165566548680285551332051143725540120030186418132494037374250501817864047350075307770556457476696430614911753784033504116472314235599975868264139698258271761054818196677464066436810208239585338499857303335261578324413171744621122145917338512342253982972461548138356425
1145467192266842056714825959130898696329921824344410777324481045090366761836066524694533402926169937178962420824014235547381119580998590883559885419544466872576142448424949872414229032255353157018657331875640898120329633182364093135346313171896720520632946035775892148906323398792770002914860962706729547071490617627624144745851371599568099413572714845947842923146466666817766432223005831484734656073580077368939707094598600603592959225427955384663222516270010830843047915858545679478561485046705970865767806573069844492864166165443950694076772089044314838680718087698945467564468059103687860211531178630919698062460220377257393370294460221061045486379518639699631293041211599358807244423270663363478923233695746404829585497988846706448567061000993131733322719648268047444828435281989834029947505677300122084747781699658047280063924194478830798702740792739406790148079263805598300120203458297510727283748961934730171756835999200461402376674384311740783217695000092106809991082310648069251557293879067
exit code: 0
